// Jest Snapshot v1, https://goo.gl/fbAQLP

exports[`Typed should render with required strings={default} and cursorChar={default} props 1`] = `
Object {
  "asFragment": [Function],
  "baseElement": <body>
    <style
      data-typed-js-css="true"
      type="text/css"
    >
      
        .typed-cursor{
          opacity: 1;
        }
        .typed-cursor.typed-cursor--blink{
          animation: typedjsBlink 0.7s infinite;
          -webkit-animation: typedjsBlink 0.7s infinite;
                  animation: typedjsBlink 0.7s infinite;
        }
        @keyframes typedjsBlink{
          50% { opacity: 0.0; }
        }
        @-webkit-keyframes typedjsBlink{
          0% { opacity: 1; }
          50% { opacity: 0.0; }
          100% { opacity: 1; }
        }
      
    </style>
    <div>
      <span>
        <span />
        <span
          class="typed-cursor"
        >
          ▓
        </span>
      </span>
    </div>
  </body>,
  "container": <div>
    <span>
      <span />
      <span
        class="typed-cursor"
      >
        ▓
      </span>
    </span>
  </div>,
  "debug": [Function],
  "findAllByAltText": [Function],
  "findAllByDisplayValue": [Function],
  "findAllByLabelText": [Function],
  "findAllByPlaceholderText": [Function],
  "findAllByRole": [Function],
  "findAllByTestId": [Function],
  "findAllByText": [Function],
  "findAllByTitle": [Function],
  "findByAltText": [Function],
  "findByDisplayValue": [Function],
  "findByLabelText": [Function],
  "findByPlaceholderText": [Function],
  "findByRole": [Function],
  "findByTestId": [Function],
  "findByText": [Function],
  "findByTitle": [Function],
  "getAllByAltText": [Function],
  "getAllByDisplayValue": [Function],
  "getAllByLabelText": [Function],
  "getAllByPlaceholderText": [Function],
  "getAllByRole": [Function],
  "getAllByTestId": [Function],
  "getAllByText": [Function],
  "getAllByTitle": [Function],
  "getByAltText": [Function],
  "getByDisplayValue": [Function],
  "getByLabelText": [Function],
  "getByPlaceholderText": [Function],
  "getByRole": [Function],
  "getByTestId": [Function],
  "getByText": [Function],
  "getByTitle": [Function],
  "queryAllByAltText": [Function],
  "queryAllByDisplayValue": [Function],
  "queryAllByLabelText": [Function],
  "queryAllByPlaceholderText": [Function],
  "queryAllByRole": [Function],
  "queryAllByTestId": [Function],
  "queryAllByText": [Function],
  "queryAllByTitle": [Function],
  "queryByAltText": [Function],
  "queryByDisplayValue": [Function],
  "queryByLabelText": [Function],
  "queryByPlaceholderText": [Function],
  "queryByRole": [Function],
  "queryByTestId": [Function],
  "queryByText": [Function],
  "queryByTitle": [Function],
  "rerender": [Function],
  "unmount": [Function],
}
`;

exports[`Typed should render with required strings={default} and typeSpeed={default} props 1`] = `
Object {
  "asFragment": [Function],
  "baseElement": <body>
    <style
      data-typed-js-css="true"
      type="text/css"
    >
      
        .typed-cursor{
          opacity: 1;
        }
        .typed-cursor.typed-cursor--blink{
          animation: typedjsBlink 0.7s infinite;
          -webkit-animation: typedjsBlink 0.7s infinite;
                  animation: typedjsBlink 0.7s infinite;
        }
        @keyframes typedjsBlink{
          50% { opacity: 0.0; }
        }
        @-webkit-keyframes typedjsBlink{
          0% { opacity: 1; }
          50% { opacity: 0.0; }
          100% { opacity: 1; }
        }
      
    </style>
    <div>
      <span>
        <span />
        <span
          class="typed-cursor"
        >
          ▓
        </span>
      </span>
    </div>
  </body>,
  "container": <div>
    <span>
      <span />
      <span
        class="typed-cursor"
      >
        ▓
      </span>
    </span>
  </div>,
  "debug": [Function],
  "findAllByAltText": [Function],
  "findAllByDisplayValue": [Function],
  "findAllByLabelText": [Function],
  "findAllByPlaceholderText": [Function],
  "findAllByRole": [Function],
  "findAllByTestId": [Function],
  "findAllByText": [Function],
  "findAllByTitle": [Function],
  "findByAltText": [Function],
  "findByDisplayValue": [Function],
  "findByLabelText": [Function],
  "findByPlaceholderText": [Function],
  "findByRole": [Function],
  "findByTestId": [Function],
  "findByText": [Function],
  "findByTitle": [Function],
  "getAllByAltText": [Function],
  "getAllByDisplayValue": [Function],
  "getAllByLabelText": [Function],
  "getAllByPlaceholderText": [Function],
  "getAllByRole": [Function],
  "getAllByTestId": [Function],
  "getAllByText": [Function],
  "getAllByTitle": [Function],
  "getByAltText": [Function],
  "getByDisplayValue": [Function],
  "getByLabelText": [Function],
  "getByPlaceholderText": [Function],
  "getByRole": [Function],
  "getByTestId": [Function],
  "getByText": [Function],
  "getByTitle": [Function],
  "queryAllByAltText": [Function],
  "queryAllByDisplayValue": [Function],
  "queryAllByLabelText": [Function],
  "queryAllByPlaceholderText": [Function],
  "queryAllByRole": [Function],
  "queryAllByTestId": [Function],
  "queryAllByText": [Function],
  "queryAllByTitle": [Function],
  "queryByAltText": [Function],
  "queryByDisplayValue": [Function],
  "queryByLabelText": [Function],
  "queryByPlaceholderText": [Function],
  "queryByRole": [Function],
  "queryByTestId": [Function],
  "queryByText": [Function],
  "queryByTitle": [Function],
  "rerender": [Function],
  "unmount": [Function],
}
`;

exports[`Typed should render with required strings={default} prop 1`] = `
Object {
  "asFragment": [Function],
  "baseElement": <body>
    <div>
      <span>
        <span />
        <span
          class="typed-cursor"
        >
          ▓
        </span>
      </span>
    </div>
    <style
      data-typed-js-css="true"
      type="text/css"
    >
      
        .typed-cursor{
          opacity: 1;
        }
        .typed-cursor.typed-cursor--blink{
          animation: typedjsBlink 0.7s infinite;
          -webkit-animation: typedjsBlink 0.7s infinite;
                  animation: typedjsBlink 0.7s infinite;
        }
        @keyframes typedjsBlink{
          50% { opacity: 0.0; }
        }
        @-webkit-keyframes typedjsBlink{
          0% { opacity: 1; }
          50% { opacity: 0.0; }
          100% { opacity: 1; }
        }
      
    </style>
  </body>,
  "container": <div>
    <span>
      <span />
      <span
        class="typed-cursor"
      >
        ▓
      </span>
    </span>
  </div>,
  "debug": [Function],
  "findAllByAltText": [Function],
  "findAllByDisplayValue": [Function],
  "findAllByLabelText": [Function],
  "findAllByPlaceholderText": [Function],
  "findAllByRole": [Function],
  "findAllByTestId": [Function],
  "findAllByText": [Function],
  "findAllByTitle": [Function],
  "findByAltText": [Function],
  "findByDisplayValue": [Function],
  "findByLabelText": [Function],
  "findByPlaceholderText": [Function],
  "findByRole": [Function],
  "findByTestId": [Function],
  "findByText": [Function],
  "findByTitle": [Function],
  "getAllByAltText": [Function],
  "getAllByDisplayValue": [Function],
  "getAllByLabelText": [Function],
  "getAllByPlaceholderText": [Function],
  "getAllByRole": [Function],
  "getAllByTestId": [Function],
  "getAllByText": [Function],
  "getAllByTitle": [Function],
  "getByAltText": [Function],
  "getByDisplayValue": [Function],
  "getByLabelText": [Function],
  "getByPlaceholderText": [Function],
  "getByRole": [Function],
  "getByTestId": [Function],
  "getByText": [Function],
  "getByTitle": [Function],
  "queryAllByAltText": [Function],
  "queryAllByDisplayValue": [Function],
  "queryAllByLabelText": [Function],
  "queryAllByPlaceholderText": [Function],
  "queryAllByRole": [Function],
  "queryAllByTestId": [Function],
  "queryAllByText": [Function],
  "queryAllByTitle": [Function],
  "queryByAltText": [Function],
  "queryByDisplayValue": [Function],
  "queryByLabelText": [Function],
  "queryByPlaceholderText": [Function],
  "queryByRole": [Function],
  "queryByTestId": [Function],
  "queryByText": [Function],
  "queryByTitle": [Function],
  "rerender": [Function],
  "unmount": [Function],
}
`;
