// Jest Snapshot v1, https://goo.gl/fbAQLP

exports[`Window should render with required children={default} and isTest={true} props 1`] = `
Object {
  "asFragment": [Function],
  "baseElement": .emotion-0 {
  background-image: linear-gradient( 0deg, rgb(0,20,0) 25%, rgb(0,0,0) 25%, rgb(0,0,0) 50%, rgb(0,20,0) 50%, rgb(0,20,0) 75%, rgb(0,0,0) 75%, rgb(0,0,0) 100% );
  background-size: 4px 4px;
  position: fixed;
  top: 0;
  left: 0;
  width: 100%;
  height: 100%;
  min-height: 100%;
  background-color: black;
  border: 1px double rgb(0,0,0);
  font-size: 1rem;
  line-height: 1.5em;
  z-index: 1000;
}

@media (min-width:1024px) {
  .emotion-0 {
    position: absolute;
    top: 0px;
    left: 0px;
    width: 400px;
    height: 300px;
    min-height: 0;
    font-size: 1.15rem;
  }
}

.emotion-0 header {
  background-image: linear-gradient( 0deg, rgb(0,200,0) 25%, rgb(0,0,0) 25%, rgb(0,0,0) 50%, rgb(0,200,0) 50%, rgb(0,200,0) 75%, rgb(0,0,0) 75%, rgb(0,0,0) 100% );
  background-size: 4px 4px;
  display: -webkit-box;
  display: -webkit-flex;
  display: -ms-flexbox;
  display: flex;
  -webkit-box-pack: justify;
  -webkit-justify-content: space-between;
  -ms-flex-pack: justify;
  justify-content: space-between;
  -webkit-align-items: center;
  -webkit-box-align: center;
  -ms-flex-align: center;
  align-items: center;
  position: relative;
  top: 1px;
  left: 1px;
  width: 100%;
  height: 35px;
  margin: -1px 0 0 -1px;
  padding: 0 12px;
  line-height: 35px;
}

.emotion-0 header span,
.emotion-0 header svg path {
  color: rgb(0,0,0);
}

.emotion-0 header span {
  font-size: 1.7em;
}

.emotion-0 header svg {
  cursor: pointer;
  font-size: 1.7em;
}

@media (min-width:1024px) {
  .emotion-0 header {
    width: calc(400px - 2px);
    padding: 0 15px 0 20px;
  }

  .emotion-0 header span {
    font-size: 1.4em;
  }
}

.emotion-0 main {
  overflow: scroll;
  height: calc(100% - 35px);
  min-height: calc(100% - 35px);
  padding: 0;
  border: 1px double rgb(0,20,0);
}

@media (min-width:1024px) {
  .emotion-0 main {
    min-height: 0;
  }
}

.emotion-0 main .scrollbar-container {
  padding: 12px;
}

@media (min-width:1024px) {
  .emotion-0 main .scrollbar-container {
    padding: 20px;
  }
}

.emotion-0 main .scrollbar-container .ps__rail-y {
  background-color: rgb(0,20,0);
}

.emotion-0 main .scrollbar-container .ps__rail-y,
.emotion-0 main .scrollbar-container .ps__rail-y div {
  border-radius: 0;
  width: 14px;
}

.emotion-0 main .scrollbar-container .ps__rail-y .ps__thumb-y {
  right: 0;
  background-color: rgb(0,128,0);
}

.emotion-0 main .scrollbar-container > span > span a {
  padding: 0 4px;
  background-color: rgba(0,200,0,0.6);
  border: 0;
  color: rgb(0,0,0);
  -webkit-transition: background-color 0.2s ease-in-out,color 0.2s ease-in-out;
  transition: background-color 0.2s ease-in-out,color 0.2s ease-in-out;
}

.emotion-0 main .scrollbar-container > span > span a:hover {
  background-color: rgb(0,200,0);
}

.emotion-0 main .scrollbar-container > span > span > p:first-of-type {
  color: rgb(0,200,0);
}

.emotion-0 main .scrollbar-container > span > span p {
  margin: 0 0 15px;
}

.emotion-0 main .scrollbar-container > span > span ul {
  list-style: disc;
  padding: 0 0 0 20px;
}

.emotion-0 main .scrollbar-container > span > span ul li {
  padding: 0 0 0 5px;
}

.emotion-0 main .scrollbar-container > span > span .history:not(:first-of-type) {
  margin: 25px 0 0;
}

.emotion-0 main .scrollbar-container > span > span .history > div:first-of-type {
  display: -webkit-box;
  display: -webkit-flex;
  display: -ms-flexbox;
  display: flex;
  -webkit-flex-direction: column;
  -ms-flex-direction: column;
  flex-direction: column;
  margin: 0 0 10px;
}

.emotion-0 main .scrollbar-container > span > span .history > div:first-of-type > span:first-of-type span {
  color: rgb(0,200,0);
}

.emotion-0 main .scrollbar-container > span > span .history > ul:first-of-type {
  margin: 5px 0 12px;
}

.emotion-0 main .scrollbar-container > span > span .history > ul:first-of-type + ul {
  list-style: none;
}

.emotion-0 main .scrollbar-container > span > span .history > ul:first-of-type + ul,
.emotion-0 main .scrollbar-container > span > span .history > ul:first-of-type + ul li {
  padding: 0;
}

.emotion-0 main .scrollbar-container > span > span .history > ul:first-of-type + ul li {
  display: -webkit-box;
  display: -webkit-flex;
  display: -ms-flexbox;
  display: flex;
  -webkit-flex-direction: column;
  -ms-flex-direction: column;
  flex-direction: column;
  margin: 0 0 10px;
}

@media (min-width:720px) {
  .emotion-0 main .scrollbar-container > span > span .history > ul:first-of-type + ul li {
    -webkit-flex-direction: row;
    -ms-flex-direction: row;
    flex-direction: row;
    margin: 0;
  }

  .emotion-0 main .scrollbar-container > span > span .history > ul:first-of-type + ul li span:first-of-type {
    width: 20%;
  }

  .emotion-0 main .scrollbar-container > span > span .history > ul:first-of-type + ul li span:last-of-type {
    width: 80%;
  }
}

.emotion-0 main .scrollbar-container > span > span .skillset:not(:first-of-type) {
  margin: 30px 0 0;
}

.emotion-0 main .scrollbar-container > span > span .skillset > div {
  display: -webkit-box;
  display: -webkit-flex;
  display: -ms-flexbox;
  display: flex;
}

.emotion-0 main .scrollbar-container > span > span .skillset > div.header + .header {
  margin: -8px 0 0;
}

.emotion-0 main .scrollbar-container > span > span .skillset > div.header span {
  color: rgb(0,200,0);
}

.emotion-0 main .scrollbar-container > span > span .skillset > div > span {
  display: block;
}

.emotion-0 main .scrollbar-container > span > span .skillset > div > span:first-of-type {
  width: 45%;
  color: rgb(0,200,0);
}

.emotion-0 main .scrollbar-container > span > span .skillset > div > span:last-of-type {
  width: 55%;
  word-break: break-word;
}

@media (min-width:720px) {
  .emotion-0 main .scrollbar-container > span > span .skillset > div > span:first-of-type {
    width: 33.33%;
  }

  .emotion-0 main .scrollbar-container > span > span .skillset > div > span:last-of-type {
    width: 66.66%;
  }
}

<body>
    <div>
      <div
        class="window-section emotion-0"
      >
        <header>
          <span>
            Window Heading...
          </span>
        </header>
        <main>
          <div
            class="scrollbar-container ps"
          >
            <div
              class="ps__rail-x"
              style="left: 0px; top: 0px;"
            >
              <div
                class="ps__thumb-x"
                style="left: 0px; width: 0px;"
                tabindex="0"
              />
            </div>
            <div
              class="ps__rail-y"
              style="top: 0px; left: 0px;"
            >
              <div
                class="ps__thumb-y"
                style="top: 0px; height: 0px;"
                tabindex="0"
              />
            </div>
          </div>
        </main>
      </div>
    </div>
  </body>,
  "container": .emotion-0 {
  background-image: linear-gradient( 0deg, rgb(0,20,0) 25%, rgb(0,0,0) 25%, rgb(0,0,0) 50%, rgb(0,20,0) 50%, rgb(0,20,0) 75%, rgb(0,0,0) 75%, rgb(0,0,0) 100% );
  background-size: 4px 4px;
  position: fixed;
  top: 0;
  left: 0;
  width: 100%;
  height: 100%;
  min-height: 100%;
  background-color: black;
  border: 1px double rgb(0,0,0);
  font-size: 1rem;
  line-height: 1.5em;
  z-index: 1000;
}

@media (min-width:1024px) {
  .emotion-0 {
    position: absolute;
    top: 0px;
    left: 0px;
    width: 400px;
    height: 300px;
    min-height: 0;
    font-size: 1.15rem;
  }
}

.emotion-0 header {
  background-image: linear-gradient( 0deg, rgb(0,200,0) 25%, rgb(0,0,0) 25%, rgb(0,0,0) 50%, rgb(0,200,0) 50%, rgb(0,200,0) 75%, rgb(0,0,0) 75%, rgb(0,0,0) 100% );
  background-size: 4px 4px;
  display: -webkit-box;
  display: -webkit-flex;
  display: -ms-flexbox;
  display: flex;
  -webkit-box-pack: justify;
  -webkit-justify-content: space-between;
  -ms-flex-pack: justify;
  justify-content: space-between;
  -webkit-align-items: center;
  -webkit-box-align: center;
  -ms-flex-align: center;
  align-items: center;
  position: relative;
  top: 1px;
  left: 1px;
  width: 100%;
  height: 35px;
  margin: -1px 0 0 -1px;
  padding: 0 12px;
  line-height: 35px;
}

.emotion-0 header span,
.emotion-0 header svg path {
  color: rgb(0,0,0);
}

.emotion-0 header span {
  font-size: 1.7em;
}

.emotion-0 header svg {
  cursor: pointer;
  font-size: 1.7em;
}

@media (min-width:1024px) {
  .emotion-0 header {
    width: calc(400px - 2px);
    padding: 0 15px 0 20px;
  }

  .emotion-0 header span {
    font-size: 1.4em;
  }
}

.emotion-0 main {
  overflow: scroll;
  height: calc(100% - 35px);
  min-height: calc(100% - 35px);
  padding: 0;
  border: 1px double rgb(0,20,0);
}

@media (min-width:1024px) {
  .emotion-0 main {
    min-height: 0;
  }
}

.emotion-0 main .scrollbar-container {
  padding: 12px;
}

@media (min-width:1024px) {
  .emotion-0 main .scrollbar-container {
    padding: 20px;
  }
}

.emotion-0 main .scrollbar-container .ps__rail-y {
  background-color: rgb(0,20,0);
}

.emotion-0 main .scrollbar-container .ps__rail-y,
.emotion-0 main .scrollbar-container .ps__rail-y div {
  border-radius: 0;
  width: 14px;
}

.emotion-0 main .scrollbar-container .ps__rail-y .ps__thumb-y {
  right: 0;
  background-color: rgb(0,128,0);
}

.emotion-0 main .scrollbar-container > span > span a {
  padding: 0 4px;
  background-color: rgba(0,200,0,0.6);
  border: 0;
  color: rgb(0,0,0);
  -webkit-transition: background-color 0.2s ease-in-out,color 0.2s ease-in-out;
  transition: background-color 0.2s ease-in-out,color 0.2s ease-in-out;
}

.emotion-0 main .scrollbar-container > span > span a:hover {
  background-color: rgb(0,200,0);
}

.emotion-0 main .scrollbar-container > span > span > p:first-of-type {
  color: rgb(0,200,0);
}

.emotion-0 main .scrollbar-container > span > span p {
  margin: 0 0 15px;
}

.emotion-0 main .scrollbar-container > span > span ul {
  list-style: disc;
  padding: 0 0 0 20px;
}

.emotion-0 main .scrollbar-container > span > span ul li {
  padding: 0 0 0 5px;
}

.emotion-0 main .scrollbar-container > span > span .history:not(:first-of-type) {
  margin: 25px 0 0;
}

.emotion-0 main .scrollbar-container > span > span .history > div:first-of-type {
  display: -webkit-box;
  display: -webkit-flex;
  display: -ms-flexbox;
  display: flex;
  -webkit-flex-direction: column;
  -ms-flex-direction: column;
  flex-direction: column;
  margin: 0 0 10px;
}

.emotion-0 main .scrollbar-container > span > span .history > div:first-of-type > span:first-of-type span {
  color: rgb(0,200,0);
}

.emotion-0 main .scrollbar-container > span > span .history > ul:first-of-type {
  margin: 5px 0 12px;
}

.emotion-0 main .scrollbar-container > span > span .history > ul:first-of-type + ul {
  list-style: none;
}

.emotion-0 main .scrollbar-container > span > span .history > ul:first-of-type + ul,
.emotion-0 main .scrollbar-container > span > span .history > ul:first-of-type + ul li {
  padding: 0;
}

.emotion-0 main .scrollbar-container > span > span .history > ul:first-of-type + ul li {
  display: -webkit-box;
  display: -webkit-flex;
  display: -ms-flexbox;
  display: flex;
  -webkit-flex-direction: column;
  -ms-flex-direction: column;
  flex-direction: column;
  margin: 0 0 10px;
}

@media (min-width:720px) {
  .emotion-0 main .scrollbar-container > span > span .history > ul:first-of-type + ul li {
    -webkit-flex-direction: row;
    -ms-flex-direction: row;
    flex-direction: row;
    margin: 0;
  }

  .emotion-0 main .scrollbar-container > span > span .history > ul:first-of-type + ul li span:first-of-type {
    width: 20%;
  }

  .emotion-0 main .scrollbar-container > span > span .history > ul:first-of-type + ul li span:last-of-type {
    width: 80%;
  }
}

.emotion-0 main .scrollbar-container > span > span .skillset:not(:first-of-type) {
  margin: 30px 0 0;
}

.emotion-0 main .scrollbar-container > span > span .skillset > div {
  display: -webkit-box;
  display: -webkit-flex;
  display: -ms-flexbox;
  display: flex;
}

.emotion-0 main .scrollbar-container > span > span .skillset > div.header + .header {
  margin: -8px 0 0;
}

.emotion-0 main .scrollbar-container > span > span .skillset > div.header span {
  color: rgb(0,200,0);
}

.emotion-0 main .scrollbar-container > span > span .skillset > div > span {
  display: block;
}

.emotion-0 main .scrollbar-container > span > span .skillset > div > span:first-of-type {
  width: 45%;
  color: rgb(0,200,0);
}

.emotion-0 main .scrollbar-container > span > span .skillset > div > span:last-of-type {
  width: 55%;
  word-break: break-word;
}

@media (min-width:720px) {
  .emotion-0 main .scrollbar-container > span > span .skillset > div > span:first-of-type {
    width: 33.33%;
  }

  .emotion-0 main .scrollbar-container > span > span .skillset > div > span:last-of-type {
    width: 66.66%;
  }
}

<div>
    <div
      class="window-section emotion-0"
    >
      <header>
        <span>
          Window Heading...
        </span>
      </header>
      <main>
        <div
          class="scrollbar-container ps"
        >
          <div
            class="ps__rail-x"
            style="left: 0px; top: 0px;"
          >
            <div
              class="ps__thumb-x"
              style="left: 0px; width: 0px;"
              tabindex="0"
            />
          </div>
          <div
            class="ps__rail-y"
            style="top: 0px; left: 0px;"
          >
            <div
              class="ps__thumb-y"
              style="top: 0px; height: 0px;"
              tabindex="0"
            />
          </div>
        </div>
      </main>
    </div>
  </div>,
  "debug": [Function],
  "findAllByAltText": [Function],
  "findAllByDisplayValue": [Function],
  "findAllByLabelText": [Function],
  "findAllByPlaceholderText": [Function],
  "findAllByRole": [Function],
  "findAllByTestId": [Function],
  "findAllByText": [Function],
  "findAllByTitle": [Function],
  "findByAltText": [Function],
  "findByDisplayValue": [Function],
  "findByLabelText": [Function],
  "findByPlaceholderText": [Function],
  "findByRole": [Function],
  "findByTestId": [Function],
  "findByText": [Function],
  "findByTitle": [Function],
  "getAllByAltText": [Function],
  "getAllByDisplayValue": [Function],
  "getAllByLabelText": [Function],
  "getAllByPlaceholderText": [Function],
  "getAllByRole": [Function],
  "getAllByTestId": [Function],
  "getAllByText": [Function],
  "getAllByTitle": [Function],
  "getByAltText": [Function],
  "getByDisplayValue": [Function],
  "getByLabelText": [Function],
  "getByPlaceholderText": [Function],
  "getByRole": [Function],
  "getByTestId": [Function],
  "getByText": [Function],
  "getByTitle": [Function],
  "queryAllByAltText": [Function],
  "queryAllByDisplayValue": [Function],
  "queryAllByLabelText": [Function],
  "queryAllByPlaceholderText": [Function],
  "queryAllByRole": [Function],
  "queryAllByTestId": [Function],
  "queryAllByText": [Function],
  "queryAllByTitle": [Function],
  "queryByAltText": [Function],
  "queryByDisplayValue": [Function],
  "queryByLabelText": [Function],
  "queryByPlaceholderText": [Function],
  "queryByRole": [Function],
  "queryByTestId": [Function],
  "queryByText": [Function],
  "queryByTitle": [Function],
  "rerender": [Function],
  "unmount": [Function],
}
`;

exports[`Window should render with required children={default}, isTest={true}, and heading={default} props 1`] = `
Object {
  "asFragment": [Function],
  "baseElement": .emotion-0 {
  background-image: linear-gradient( 0deg, rgb(0,20,0) 25%, rgb(0,0,0) 25%, rgb(0,0,0) 50%, rgb(0,20,0) 50%, rgb(0,20,0) 75%, rgb(0,0,0) 75%, rgb(0,0,0) 100% );
  background-size: 4px 4px;
  position: fixed;
  top: 0;
  left: 0;
  width: 100%;
  height: 100%;
  min-height: 100%;
  background-color: black;
  border: 1px double rgb(0,0,0);
  font-size: 1rem;
  line-height: 1.5em;
  z-index: 1000;
}

@media (min-width:1024px) {
  .emotion-0 {
    position: absolute;
    top: 0px;
    left: 0px;
    width: 400px;
    height: 300px;
    min-height: 0;
    font-size: 1.15rem;
  }
}

.emotion-0 header {
  background-image: linear-gradient( 0deg, rgb(0,200,0) 25%, rgb(0,0,0) 25%, rgb(0,0,0) 50%, rgb(0,200,0) 50%, rgb(0,200,0) 75%, rgb(0,0,0) 75%, rgb(0,0,0) 100% );
  background-size: 4px 4px;
  display: -webkit-box;
  display: -webkit-flex;
  display: -ms-flexbox;
  display: flex;
  -webkit-box-pack: justify;
  -webkit-justify-content: space-between;
  -ms-flex-pack: justify;
  justify-content: space-between;
  -webkit-align-items: center;
  -webkit-box-align: center;
  -ms-flex-align: center;
  align-items: center;
  position: relative;
  top: 1px;
  left: 1px;
  width: 100%;
  height: 35px;
  margin: -1px 0 0 -1px;
  padding: 0 12px;
  line-height: 35px;
}

.emotion-0 header span,
.emotion-0 header svg path {
  color: rgb(0,0,0);
}

.emotion-0 header span {
  font-size: 1.7em;
}

.emotion-0 header svg {
  cursor: pointer;
  font-size: 1.7em;
}

@media (min-width:1024px) {
  .emotion-0 header {
    width: calc(400px - 2px);
    padding: 0 15px 0 20px;
  }

  .emotion-0 header span {
    font-size: 1.4em;
  }
}

.emotion-0 main {
  overflow: scroll;
  height: calc(100% - 35px);
  min-height: calc(100% - 35px);
  padding: 0;
  border: 1px double rgb(0,20,0);
}

@media (min-width:1024px) {
  .emotion-0 main {
    min-height: 0;
  }
}

.emotion-0 main .scrollbar-container {
  padding: 12px;
}

@media (min-width:1024px) {
  .emotion-0 main .scrollbar-container {
    padding: 20px;
  }
}

.emotion-0 main .scrollbar-container .ps__rail-y {
  background-color: rgb(0,20,0);
}

.emotion-0 main .scrollbar-container .ps__rail-y,
.emotion-0 main .scrollbar-container .ps__rail-y div {
  border-radius: 0;
  width: 14px;
}

.emotion-0 main .scrollbar-container .ps__rail-y .ps__thumb-y {
  right: 0;
  background-color: rgb(0,128,0);
}

.emotion-0 main .scrollbar-container > span > span a {
  padding: 0 4px;
  background-color: rgba(0,200,0,0.6);
  border: 0;
  color: rgb(0,0,0);
  -webkit-transition: background-color 0.2s ease-in-out,color 0.2s ease-in-out;
  transition: background-color 0.2s ease-in-out,color 0.2s ease-in-out;
}

.emotion-0 main .scrollbar-container > span > span a:hover {
  background-color: rgb(0,200,0);
}

.emotion-0 main .scrollbar-container > span > span > p:first-of-type {
  color: rgb(0,200,0);
}

.emotion-0 main .scrollbar-container > span > span p {
  margin: 0 0 15px;
}

.emotion-0 main .scrollbar-container > span > span ul {
  list-style: disc;
  padding: 0 0 0 20px;
}

.emotion-0 main .scrollbar-container > span > span ul li {
  padding: 0 0 0 5px;
}

.emotion-0 main .scrollbar-container > span > span .history:not(:first-of-type) {
  margin: 25px 0 0;
}

.emotion-0 main .scrollbar-container > span > span .history > div:first-of-type {
  display: -webkit-box;
  display: -webkit-flex;
  display: -ms-flexbox;
  display: flex;
  -webkit-flex-direction: column;
  -ms-flex-direction: column;
  flex-direction: column;
  margin: 0 0 10px;
}

.emotion-0 main .scrollbar-container > span > span .history > div:first-of-type > span:first-of-type span {
  color: rgb(0,200,0);
}

.emotion-0 main .scrollbar-container > span > span .history > ul:first-of-type {
  margin: 5px 0 12px;
}

.emotion-0 main .scrollbar-container > span > span .history > ul:first-of-type + ul {
  list-style: none;
}

.emotion-0 main .scrollbar-container > span > span .history > ul:first-of-type + ul,
.emotion-0 main .scrollbar-container > span > span .history > ul:first-of-type + ul li {
  padding: 0;
}

.emotion-0 main .scrollbar-container > span > span .history > ul:first-of-type + ul li {
  display: -webkit-box;
  display: -webkit-flex;
  display: -ms-flexbox;
  display: flex;
  -webkit-flex-direction: column;
  -ms-flex-direction: column;
  flex-direction: column;
  margin: 0 0 10px;
}

@media (min-width:720px) {
  .emotion-0 main .scrollbar-container > span > span .history > ul:first-of-type + ul li {
    -webkit-flex-direction: row;
    -ms-flex-direction: row;
    flex-direction: row;
    margin: 0;
  }

  .emotion-0 main .scrollbar-container > span > span .history > ul:first-of-type + ul li span:first-of-type {
    width: 20%;
  }

  .emotion-0 main .scrollbar-container > span > span .history > ul:first-of-type + ul li span:last-of-type {
    width: 80%;
  }
}

.emotion-0 main .scrollbar-container > span > span .skillset:not(:first-of-type) {
  margin: 30px 0 0;
}

.emotion-0 main .scrollbar-container > span > span .skillset > div {
  display: -webkit-box;
  display: -webkit-flex;
  display: -ms-flexbox;
  display: flex;
}

.emotion-0 main .scrollbar-container > span > span .skillset > div.header + .header {
  margin: -8px 0 0;
}

.emotion-0 main .scrollbar-container > span > span .skillset > div.header span {
  color: rgb(0,200,0);
}

.emotion-0 main .scrollbar-container > span > span .skillset > div > span {
  display: block;
}

.emotion-0 main .scrollbar-container > span > span .skillset > div > span:first-of-type {
  width: 45%;
  color: rgb(0,200,0);
}

.emotion-0 main .scrollbar-container > span > span .skillset > div > span:last-of-type {
  width: 55%;
  word-break: break-word;
}

@media (min-width:720px) {
  .emotion-0 main .scrollbar-container > span > span .skillset > div > span:first-of-type {
    width: 33.33%;
  }

  .emotion-0 main .scrollbar-container > span > span .skillset > div > span:last-of-type {
    width: 66.66%;
  }
}

<body>
    <div>
      <div
        class="window-section emotion-0"
      >
        <header>
          <span>
            Window Heading...
          </span>
        </header>
        <main>
          <div
            class="scrollbar-container ps"
          >
            <div
              class="ps__rail-x"
              style="left: 0px; top: 0px;"
            >
              <div
                class="ps__thumb-x"
                style="left: 0px; width: 0px;"
                tabindex="0"
              />
            </div>
            <div
              class="ps__rail-y"
              style="top: 0px; left: 0px;"
            >
              <div
                class="ps__thumb-y"
                style="top: 0px; height: 0px;"
                tabindex="0"
              />
            </div>
          </div>
        </main>
      </div>
    </div>
  </body>,
  "container": .emotion-0 {
  background-image: linear-gradient( 0deg, rgb(0,20,0) 25%, rgb(0,0,0) 25%, rgb(0,0,0) 50%, rgb(0,20,0) 50%, rgb(0,20,0) 75%, rgb(0,0,0) 75%, rgb(0,0,0) 100% );
  background-size: 4px 4px;
  position: fixed;
  top: 0;
  left: 0;
  width: 100%;
  height: 100%;
  min-height: 100%;
  background-color: black;
  border: 1px double rgb(0,0,0);
  font-size: 1rem;
  line-height: 1.5em;
  z-index: 1000;
}

@media (min-width:1024px) {
  .emotion-0 {
    position: absolute;
    top: 0px;
    left: 0px;
    width: 400px;
    height: 300px;
    min-height: 0;
    font-size: 1.15rem;
  }
}

.emotion-0 header {
  background-image: linear-gradient( 0deg, rgb(0,200,0) 25%, rgb(0,0,0) 25%, rgb(0,0,0) 50%, rgb(0,200,0) 50%, rgb(0,200,0) 75%, rgb(0,0,0) 75%, rgb(0,0,0) 100% );
  background-size: 4px 4px;
  display: -webkit-box;
  display: -webkit-flex;
  display: -ms-flexbox;
  display: flex;
  -webkit-box-pack: justify;
  -webkit-justify-content: space-between;
  -ms-flex-pack: justify;
  justify-content: space-between;
  -webkit-align-items: center;
  -webkit-box-align: center;
  -ms-flex-align: center;
  align-items: center;
  position: relative;
  top: 1px;
  left: 1px;
  width: 100%;
  height: 35px;
  margin: -1px 0 0 -1px;
  padding: 0 12px;
  line-height: 35px;
}

.emotion-0 header span,
.emotion-0 header svg path {
  color: rgb(0,0,0);
}

.emotion-0 header span {
  font-size: 1.7em;
}

.emotion-0 header svg {
  cursor: pointer;
  font-size: 1.7em;
}

@media (min-width:1024px) {
  .emotion-0 header {
    width: calc(400px - 2px);
    padding: 0 15px 0 20px;
  }

  .emotion-0 header span {
    font-size: 1.4em;
  }
}

.emotion-0 main {
  overflow: scroll;
  height: calc(100% - 35px);
  min-height: calc(100% - 35px);
  padding: 0;
  border: 1px double rgb(0,20,0);
}

@media (min-width:1024px) {
  .emotion-0 main {
    min-height: 0;
  }
}

.emotion-0 main .scrollbar-container {
  padding: 12px;
}

@media (min-width:1024px) {
  .emotion-0 main .scrollbar-container {
    padding: 20px;
  }
}

.emotion-0 main .scrollbar-container .ps__rail-y {
  background-color: rgb(0,20,0);
}

.emotion-0 main .scrollbar-container .ps__rail-y,
.emotion-0 main .scrollbar-container .ps__rail-y div {
  border-radius: 0;
  width: 14px;
}

.emotion-0 main .scrollbar-container .ps__rail-y .ps__thumb-y {
  right: 0;
  background-color: rgb(0,128,0);
}

.emotion-0 main .scrollbar-container > span > span a {
  padding: 0 4px;
  background-color: rgba(0,200,0,0.6);
  border: 0;
  color: rgb(0,0,0);
  -webkit-transition: background-color 0.2s ease-in-out,color 0.2s ease-in-out;
  transition: background-color 0.2s ease-in-out,color 0.2s ease-in-out;
}

.emotion-0 main .scrollbar-container > span > span a:hover {
  background-color: rgb(0,200,0);
}

.emotion-0 main .scrollbar-container > span > span > p:first-of-type {
  color: rgb(0,200,0);
}

.emotion-0 main .scrollbar-container > span > span p {
  margin: 0 0 15px;
}

.emotion-0 main .scrollbar-container > span > span ul {
  list-style: disc;
  padding: 0 0 0 20px;
}

.emotion-0 main .scrollbar-container > span > span ul li {
  padding: 0 0 0 5px;
}

.emotion-0 main .scrollbar-container > span > span .history:not(:first-of-type) {
  margin: 25px 0 0;
}

.emotion-0 main .scrollbar-container > span > span .history > div:first-of-type {
  display: -webkit-box;
  display: -webkit-flex;
  display: -ms-flexbox;
  display: flex;
  -webkit-flex-direction: column;
  -ms-flex-direction: column;
  flex-direction: column;
  margin: 0 0 10px;
}

.emotion-0 main .scrollbar-container > span > span .history > div:first-of-type > span:first-of-type span {
  color: rgb(0,200,0);
}

.emotion-0 main .scrollbar-container > span > span .history > ul:first-of-type {
  margin: 5px 0 12px;
}

.emotion-0 main .scrollbar-container > span > span .history > ul:first-of-type + ul {
  list-style: none;
}

.emotion-0 main .scrollbar-container > span > span .history > ul:first-of-type + ul,
.emotion-0 main .scrollbar-container > span > span .history > ul:first-of-type + ul li {
  padding: 0;
}

.emotion-0 main .scrollbar-container > span > span .history > ul:first-of-type + ul li {
  display: -webkit-box;
  display: -webkit-flex;
  display: -ms-flexbox;
  display: flex;
  -webkit-flex-direction: column;
  -ms-flex-direction: column;
  flex-direction: column;
  margin: 0 0 10px;
}

@media (min-width:720px) {
  .emotion-0 main .scrollbar-container > span > span .history > ul:first-of-type + ul li {
    -webkit-flex-direction: row;
    -ms-flex-direction: row;
    flex-direction: row;
    margin: 0;
  }

  .emotion-0 main .scrollbar-container > span > span .history > ul:first-of-type + ul li span:first-of-type {
    width: 20%;
  }

  .emotion-0 main .scrollbar-container > span > span .history > ul:first-of-type + ul li span:last-of-type {
    width: 80%;
  }
}

.emotion-0 main .scrollbar-container > span > span .skillset:not(:first-of-type) {
  margin: 30px 0 0;
}

.emotion-0 main .scrollbar-container > span > span .skillset > div {
  display: -webkit-box;
  display: -webkit-flex;
  display: -ms-flexbox;
  display: flex;
}

.emotion-0 main .scrollbar-container > span > span .skillset > div.header + .header {
  margin: -8px 0 0;
}

.emotion-0 main .scrollbar-container > span > span .skillset > div.header span {
  color: rgb(0,200,0);
}

.emotion-0 main .scrollbar-container > span > span .skillset > div > span {
  display: block;
}

.emotion-0 main .scrollbar-container > span > span .skillset > div > span:first-of-type {
  width: 45%;
  color: rgb(0,200,0);
}

.emotion-0 main .scrollbar-container > span > span .skillset > div > span:last-of-type {
  width: 55%;
  word-break: break-word;
}

@media (min-width:720px) {
  .emotion-0 main .scrollbar-container > span > span .skillset > div > span:first-of-type {
    width: 33.33%;
  }

  .emotion-0 main .scrollbar-container > span > span .skillset > div > span:last-of-type {
    width: 66.66%;
  }
}

<div>
    <div
      class="window-section emotion-0"
    >
      <header>
        <span>
          Window Heading...
        </span>
      </header>
      <main>
        <div
          class="scrollbar-container ps"
        >
          <div
            class="ps__rail-x"
            style="left: 0px; top: 0px;"
          >
            <div
              class="ps__thumb-x"
              style="left: 0px; width: 0px;"
              tabindex="0"
            />
          </div>
          <div
            class="ps__rail-y"
            style="top: 0px; left: 0px;"
          >
            <div
              class="ps__thumb-y"
              style="top: 0px; height: 0px;"
              tabindex="0"
            />
          </div>
        </div>
      </main>
    </div>
  </div>,
  "debug": [Function],
  "findAllByAltText": [Function],
  "findAllByDisplayValue": [Function],
  "findAllByLabelText": [Function],
  "findAllByPlaceholderText": [Function],
  "findAllByRole": [Function],
  "findAllByTestId": [Function],
  "findAllByText": [Function],
  "findAllByTitle": [Function],
  "findByAltText": [Function],
  "findByDisplayValue": [Function],
  "findByLabelText": [Function],
  "findByPlaceholderText": [Function],
  "findByRole": [Function],
  "findByTestId": [Function],
  "findByText": [Function],
  "findByTitle": [Function],
  "getAllByAltText": [Function],
  "getAllByDisplayValue": [Function],
  "getAllByLabelText": [Function],
  "getAllByPlaceholderText": [Function],
  "getAllByRole": [Function],
  "getAllByTestId": [Function],
  "getAllByText": [Function],
  "getAllByTitle": [Function],
  "getByAltText": [Function],
  "getByDisplayValue": [Function],
  "getByLabelText": [Function],
  "getByPlaceholderText": [Function],
  "getByRole": [Function],
  "getByTestId": [Function],
  "getByText": [Function],
  "getByTitle": [Function],
  "queryAllByAltText": [Function],
  "queryAllByDisplayValue": [Function],
  "queryAllByLabelText": [Function],
  "queryAllByPlaceholderText": [Function],
  "queryAllByRole": [Function],
  "queryAllByTestId": [Function],
  "queryAllByText": [Function],
  "queryAllByTitle": [Function],
  "queryByAltText": [Function],
  "queryByDisplayValue": [Function],
  "queryByLabelText": [Function],
  "queryByPlaceholderText": [Function],
  "queryByRole": [Function],
  "queryByTestId": [Function],
  "queryByText": [Function],
  "queryByTitle": [Function],
  "rerender": [Function],
  "unmount": [Function],
}
`;
